
> safehaven-escrow@0.1.0 build
> next build

   Γû▓ Next.js 15.5.15
   - Environments: .env.local

   Creating an optimized production build ...
 Γ£ô Compiled successfully in 27.3s
   Linting and checking validity of types ...
   Collecting page data ...
   Generating static pages (0/20) ...
   Generating static pages (5/20) 
   Generating static pages (10/20) 
   Generating static pages (15/20) 
 Γ£ô Generating static pages (20/20)
   Finalizing page optimization ...
   Collecting build traces ...

Route (app)                                 Size  First Load JS
Γöî Γùï /                                     2.4 kB         117 kB
Γö£ Γùï /_not-found                            993 B         103 kB
Γö£ ╞Æ /api/auth/login                        151 B         102 kB
Γö£ ╞Æ /api/auth/register                     151 B         102 kB
Γö£ ╞Æ /api/chat                              151 B         102 kB
Γö£ ╞Æ /api/chat/[escrowId]/messages          151 B         102 kB
Γö£ ╞Æ /api/disputes                          151 B         102 kB
Γö£ ╞Æ /api/escrow                            151 B         102 kB
Γö£ ╞Æ /api/escrow/[id]/status                151 B         102 kB
Γö£ ╞Æ /api/notifications                     151 B         102 kB
Γö£ ╞Æ /api/payments/create-payment-intent    151 B         102 kB
Γö£ ╞Æ /api/payments/webhook                  151 B         102 kB
Γö£ ╞Æ /api/wallet/balance                    151 B         102 kB
Γö£ Γùï /auth/login                          1.49 kB         139 kB
Γö£ Γùï /auth/register                       2.68 kB         140 kB
Γö£ Γùï /dashboard                           3.48 kB         118 kB
Γö£ Γùï /profile                             1.57 kB         113 kB
Γö£ Γùï /receive                             1.65 kB         113 kB
Γö£ Γùï /send                                2.75 kB         137 kB
Γöö Γùï /wallet                              3.36 kB         115 kB
+ First Load JS shared by all             102 kB
  Γö£ chunks/493-425b01a2135ddb6f.js         46 kB
  Γö£ chunks/4bd1b696-c023c6e3521b1417.js  54.2 kB
  Γöö other shared chunks (total)          1.99 kB


Γùï  (Static)   prerendered as static content
╞Æ  (Dynamic)  server-rendered on demand

